2026-09-25 02:05:23,553 - INFO - STARTING THE OPERATION
2026-09-25 02:05:23,553 - INFO - Extracting CSV
2026-09-25 02:05:23,565 - INFO - VALIDATING DATA
2026-09-25 02:05:23,565 - CRITICAL - Finding missing columns
2026-09-25 02:05:23,581 - ERROR - Finding dublicates Transactions
2026-09-25 02:05:23,585 - CRITICAL - Finding Strange prices
2026-09-25 02:05:23,594 - INFO - Writing reports for valid and invalid with total receipt records.
2026-09-25 02:05:23,595 - ERROR - Writing invalid transactions to csv with its reasoning
2026-09-25 02:05:23,717 - INFO - TRANSFORMING DATA
2026-09-25 02:05:23,724 - INFO - Finding valid transactions
2026-09-25 02:05:23,732 - INFO - Writing valid transactions to the csv. FIleName: reports\valid_transactions.csv
2026-09-25 02:05:23,736 - INFO - Calculating the revenue by product
2026-09-25 02:05:23,745 - INFO - Writing total sales by Product to reports\revenue_by_product.csv
2026-09-25 02:05:23,749 - INFO - Calculating revenue by category
2026-09-25 02:05:23,755 - INFO - Writing total sales by category to reports\revenue_by_category.csv
2026-09-25 02:05:23,760 - INFO - LOADING THE DATA TO THE DATABASE
2026-09-25 02:05:23,765 - INFO - BEGIN (implicit)
2026-09-25 02:05:23,766 - INFO - PRAGMA main.table_info("sales")
2026-09-25 02:05:23,766 - INFO - [raw sql] ()
2026-09-25 02:05:23,769 - INFO - PRAGMA temp.table_info("sales")
2026-09-25 02:05:23,770 - INFO - [raw sql] ()
2026-09-25 02:05:23,770 - INFO - PRAGMA main.table_info("invalid_transaction")
2026-09-25 02:05:23,771 - INFO - [raw sql] ()
2026-09-25 02:05:23,772 - INFO - PRAGMA temp.table_info("invalid_transaction")
2026-09-25 02:05:23,774 - INFO - [raw sql] ()
2026-09-25 02:05:23,779 - INFO - 
CREATE TABLE sales (
	id INTEGER NOT NULL, 
	transaction_id INTEGER NOT NULL, 
	product VARCHAR NOT NULL, 
	category VARCHAR NOT NULL, 
	quantity INTEGER NOT NULL, 
	price INTEGER NOT NULL, 
	total_sale INTEGER NOT NULL, 
	load_date DATETIME, 
	PRIMARY KEY (id)
)


2026-09-25 02:05:23,781 - INFO - [no key 0.00138s] ()
2026-09-25 02:05:23,798 - INFO - 
CREATE TABLE invalid_transaction (
	id INTEGER NOT NULL, 
	transaction_id INTEGER NOT NULL, 
	product VARCHAR, 
	category VARCHAR, 
	quantity INTEGER, 
	price INTEGER, 
	description VARCHAR NOT NULL, 
	load_date DATETIME, 
	PRIMARY KEY (id)
)


2026-09-25 02:05:23,798 - INFO - [no key 0.00054s] ()
2026-09-25 02:05:23,807 - INFO - COMMIT
2026-09-25 02:05:23,818 - INFO - Add transactions to the database
2026-09-25 02:05:23,818 - INFO - Adding valid transactions to the database
2026-09-25 02:05:23,830 - INFO - BEGIN (implicit)
2026-09-25 02:05:23,841 - INFO - SELECT sales.id AS sales_id, sales.transaction_id AS sales_transaction_id, sales.product AS sales_product, sales.category AS sales_category, sales.quantity AS sales_quantity, sales.price AS sales_price, sales.total_sale AS sales_total_sale, sales.load_date AS sales_load_date 
FROM sales 
WHERE sales.transaction_id = ?
 LIMIT ? OFFSET ?
2026-09-25 02:05:23,842 - INFO - [generated in 0.00138s] (1001, 1, 0)
2026-09-25 02:05:23,848 - INFO - INSERT INTO sales (transaction_id, product, category, quantity, price, total_sale, load_date) VALUES (?, ?, ?, ?, ?, ?, ?)
2026-09-25 02:05:23,849 - INFO - [generated in 0.00097s] (1001, 'Coke', 'Drinks', 5, 15, 75, '2026-09-25 02:05:23.542328')
2026-09-25 02:05:23,863 - INFO - COMMIT
2026-09-25 02:05:23,872 - INFO - Add transactions to the database
2026-09-25 02:05:23,873 - INFO - Adding valid transactions to the database
2026-09-25 02:05:23,875 - INFO - BEGIN (implicit)
2026-09-25 02:05:23,878 - INFO - SELECT sales.id AS sales_id, sales.transaction_id AS sales_transaction_id, sales.product AS sales_product, sales.category AS sales_category, sales.quantity AS sales_quantity, sales.price AS sales_price, sales.total_sale AS sales_total_sale, sales.load_date AS sales_load_date 
FROM sales 
WHERE sales.transaction_id = ?
 LIMIT ? OFFSET ?
2026-09-25 02:05:23,880 - INFO - [cached since 0.03943s ago] (1002, 1, 0)
2026-09-25 02:05:23,883 - INFO - INSERT INTO sales (transaction_id, product, category, quantity, price, total_sale, load_date) VALUES (?, ?, ?, ?, ?, ?, ?)
2026-09-25 02:05:23,884 - INFO - [cached since 0.03628s ago] (1002, 'Bread', 'Food', 3, 20, 60, '2026-09-25 02:05:23.542328')
2026-09-25 02:05:23,889 - INFO - COMMIT
2026-09-25 02:05:23,897 - INFO - Add transactions to the database
2026-09-25 02:05:23,897 - INFO - Adding valid transactions to the database
2026-09-25 02:05:23,898 - INFO - BEGIN (implicit)
2026-09-25 02:05:23,899 - INFO - SELECT sales.id AS sales_id, sales.transaction_id AS sales_transaction_id, sales.product AS sales_product, sales.category AS sales_category, sales.quantity AS sales_quantity, sales.price AS sales_price, sales.total_sale AS sales_total_sale, sales.load_date AS sales_load_date 
FROM sales 
WHERE sales.transaction_id = ?
 LIMIT ? OFFSET ?
2026-09-25 02:05:23,901 - INFO - [cached since 0.05984s ago] (1003, 1, 0)
2026-09-25 02:05:23,905 - INFO - INSERT INTO sales (transaction_id, product, category, quantity, price, total_sale, load_date) VALUES (?, ?, ?, ?, ?, ?, ?)
2026-09-25 02:05:23,906 - INFO - [cached since 0.05819s ago] (1003, 'Milk', 'Dairy', 2, 18, 36, '2026-09-25 02:05:23.542328')
2026-09-25 02:05:23,914 - INFO - COMMIT
2026-09-25 02:05:23,924 - INFO - Add transactions to the database
2026-09-25 02:05:23,924 - INFO - Adding valid transactions to the database
2026-09-25 02:05:23,926 - INFO - BEGIN (implicit)
2026-09-25 02:05:23,930 - INFO - SELECT sales.id AS sales_id, sales.transaction_id AS sales_transaction_id, sales.product AS sales_product, sales.category AS sales_category, sales.quantity AS sales_quantity, sales.price AS sales_price, sales.total_sale AS sales_total_sale, sales.load_date AS sales_load_date 
FROM sales 
WHERE sales.transaction_id = ?
 LIMIT ? OFFSET ?
2026-09-25 02:05:23,930 - INFO - [cached since 0.08927s ago] (1004, 1, 0)
2026-09-25 02:05:23,931 - INFO - INSERT INTO sales (transaction_id, product, category, quantity, price, total_sale, load_date) VALUES (?, ?, ?, ?, ?, ?, ?)
2026-09-25 02:05:23,932 - INFO - [cached since 0.08415s ago] (1004, 'Eggs', 'Dairy', 4, 35, 140, '2026-09-25 02:05:23.542328')
2026-09-25 02:05:23,936 - INFO - COMMIT
2026-09-25 02:05:23,948 - INFO - Add transactions to the database
2026-09-25 02:05:23,948 - INFO - Adding valid transactions to the database
2026-09-25 02:05:23,949 - INFO - BEGIN (implicit)
2026-09-25 02:05:23,950 - INFO - SELECT sales.id AS sales_id, sales.transaction_id AS sales_transaction_id, sales.product AS sales_product, sales.category AS sales_category, sales.quantity AS sales_quantity, sales.price AS sales_price, sales.total_sale AS sales_total_sale, sales.load_date AS sales_load_date 
FROM sales 
WHERE sales.transaction_id = ?
 LIMIT ? OFFSET ?
2026-09-25 02:05:23,950 - INFO - [cached since 0.1096s ago] (1005, 1, 0)
2026-09-25 02:05:23,952 - INFO - INSERT INTO sales (transaction_id, product, category, quantity, price, total_sale, load_date) VALUES (?, ?, ?, ?, ?, ?, ?)
2026-09-25 02:05:23,952 - INFO - [cached since 0.1047s ago] (1005, 'Chips', 'Snacks', 6, 22, 132, '2026-09-25 02:05:23.542328')
2026-09-25 02:05:23,961 - INFO - COMMIT
2026-09-25 02:05:23,965 - INFO - Add transactions to the database
2026-09-25 02:05:23,966 - INFO - Adding valid transactions to the database
2026-09-25 02:05:23,967 - INFO - BEGIN (implicit)
2026-09-25 02:05:23,969 - INFO - SELECT sales.id AS sales_id, sales.transaction_id AS sales_transaction_id, sales.product AS sales_product, sales.category AS sales_category, sales.quantity AS sales_quantity, sales.price AS sales_price, sales.total_sale AS sales_total_sale, sales.load_date AS sales_load_date 
FROM sales 
WHERE sales.transaction_id = ?
 LIMIT ? OFFSET ?
2026-09-25 02:05:23,969 - INFO - [cached since 0.1283s ago] (1006, 1, 0)
2026-09-25 02:05:23,973 - INFO - INSERT INTO sales (transaction_id, product, category, quantity, price, total_sale, load_date) VALUES (?, ?, ?, ?, ?, ?, ?)
2026-09-25 02:05:23,976 - INFO - [cached since 0.1286s ago] (1006, 'Soap', 'Household', 2, 45, 90, '2026-09-25 02:05:23.542328')
2026-09-25 02:05:23,982 - INFO - COMMIT
2026-09-25 02:05:23,997 - INFO - Add transactions to the database
2026-09-25 02:05:23,998 - INFO - Adding valid transactions to the database
2026-09-25 02:05:23,998 - INFO - BEGIN (implicit)
2026-09-25 02:05:23,999 - INFO - SELECT sales.id AS sales_id, sales.transaction_id AS sales_transaction_id, sales.product AS sales_product, sales.category AS sales_category, sales.quantity AS sales_quantity, sales.price AS sales_price, sales.total_sale AS sales_total_sale, sales.load_date AS sales_load_date 
FROM sales 
WHERE sales.transaction_id = ?
 LIMIT ? OFFSET ?
2026-09-25 02:05:24,000 - INFO - [cached since 0.1592s ago] (1007, 1, 0)
2026-09-25 02:05:24,003 - INFO - INSERT INTO sales (transaction_id, product, category, quantity, price, total_sale, load_date) VALUES (?, ?, ?, ?, ?, ?, ?)
2026-09-25 02:05:24,003 - INFO - [cached since 0.1556s ago] (1007, 'Fanta', 'Drinks', 4, 16, 64, '2026-09-25 02:05:23.542328')
2026-09-25 02:05:24,011 - INFO - COMMIT
2026-09-25 02:05:24,015 - INFO - Add transactions to the database
2026-09-25 02:05:24,015 - INFO - Adding valid transactions to the database
2026-09-25 02:05:24,016 - INFO - BEGIN (implicit)
2026-09-25 02:05:24,017 - INFO - SELECT sales.id AS sales_id, sales.transaction_id AS sales_transaction_id, sales.product AS sales_product, sales.category AS sales_category, sales.quantity AS sales_quantity, sales.price AS sales_price, sales.total_sale AS sales_total_sale, sales.load_date AS sales_load_date 
FROM sales 
WHERE sales.transaction_id = ?
 LIMIT ? OFFSET ?
2026-09-25 02:05:24,019 - INFO - [cached since 0.1783s ago] (1008, 1, 0)
2026-09-25 02:05:24,022 - INFO - INSERT INTO sales (transaction_id, product, category, quantity, price, total_sale, load_date) VALUES (?, ?, ?, ?, ?, ?, ?)
2026-09-25 02:05:24,025 - INFO - [cached since 0.1768s ago] (1008, 'Sprite', 'Drinks', 5, 16, 80, '2026-09-25 02:05:23.542328')
2026-09-25 02:05:24,030 - INFO - COMMIT
2026-09-25 02:05:24,040 - INFO - Add transactions to the database
2026-09-25 02:05:24,040 - INFO - Adding valid transactions to the database
2026-09-25 02:05:24,041 - INFO - BEGIN (implicit)
2026-09-25 02:05:24,043 - INFO - SELECT sales.id AS sales_id, sales.transaction_id AS sales_transaction_id, sales.product AS sales_product, sales.category AS sales_category, sales.quantity AS sales_quantity, sales.price AS sales_price, sales.total_sale AS sales_total_sale, sales.load_date AS sales_load_date 
FROM sales 
WHERE sales.transaction_id = ?
 LIMIT ? OFFSET ?
2026-09-25 02:05:24,044 - INFO - [cached since 0.2033s ago] (1009, 1, 0)
2026-09-25 02:05:24,047 - INFO - INSERT INTO sales (transaction_id, product, category, quantity, price, total_sale, load_date) VALUES (?, ?, ?, ?, ?, ?, ?)
2026-09-25 02:05:24,050 - INFO - [cached since 0.2022s ago] (1009, 'Juice', 'Drinks', 3, 20, 60, '2026-09-25 02:05:23.542328')
2026-09-25 02:05:24,061 - INFO - COMMIT
2026-09-25 02:05:24,068 - INFO - Add transactions to the database
2026-09-25 02:05:24,068 - INFO - Adding valid transactions to the database
2026-09-25 02:05:24,069 - INFO - BEGIN (implicit)
2026-09-25 02:05:24,070 - INFO - SELECT sales.id AS sales_id, sales.transaction_id AS sales_transaction_id, sales.product AS sales_product, sales.category AS sales_category, sales.quantity AS sales_quantity, sales.price AS sales_price, sales.total_sale AS sales_total_sale, sales.load_date AS sales_load_date 
FROM sales 
WHERE sales.transaction_id = ?
 LIMIT ? OFFSET ?
2026-09-25 02:05:24,074 - INFO - [cached since 0.2337s ago] (1015, 1, 0)
2026-09-25 02:05:24,078 - INFO - INSERT INTO sales (transaction_id, product, category, quantity, price, total_sale, load_date) VALUES (?, ?, ?, ?, ?, ?, ?)
2026-09-25 02:05:24,079 - INFO - [cached since 0.2309s ago] (1015, 'Coke', 'Drinks', 3, 15, 45, '2026-09-25 02:05:23.542328')
2026-09-25 02:05:24,083 - INFO - COMMIT
2026-09-25 02:05:24,094 - INFO - Add transactions to the database
2026-09-25 02:05:24,094 - INFO - Adding valid transactions to the database
2026-09-25 02:05:24,095 - INFO - BEGIN (implicit)
2026-09-25 02:05:24,096 - INFO - SELECT sales.id AS sales_id, sales.transaction_id AS sales_transaction_id, sales.product AS sales_product, sales.category AS sales_category, sales.quantity AS sales_quantity, sales.price AS sales_price, sales.total_sale AS sales_total_sale, sales.load_date AS sales_load_date 
FROM sales 
WHERE sales.transaction_id = ?
 LIMIT ? OFFSET ?
2026-09-25 02:05:24,096 - INFO - [cached since 0.2554s ago] (1018, 1, 0)
2026-09-25 02:05:24,098 - INFO - INSERT INTO sales (transaction_id, product, category, quantity, price, total_sale, load_date) VALUES (?, ?, ?, ?, ?, ?, ?)
2026-09-25 02:05:24,098 - INFO - [cached since 0.2503s ago] (1018, 'Rice', 'Food', 5, 40, 200, '2026-09-25 02:05:23.542328')
2026-09-25 02:05:24,101 - INFO - COMMIT
2026-09-25 02:05:24,112 - INFO - Add transactions to the database
2026-09-25 02:05:24,116 - INFO - Adding valid transactions to the database
2026-09-25 02:05:24,117 - INFO - BEGIN (implicit)
2026-09-25 02:05:24,118 - INFO - SELECT sales.id AS sales_id, sales.transaction_id AS sales_transaction_id, sales.product AS sales_product, sales.category AS sales_category, sales.quantity AS sales_quantity, sales.price AS sales_price, sales.total_sale AS sales_total_sale, sales.load_date AS sales_load_date 
FROM sales 
WHERE sales.transaction_id = ?
 LIMIT ? OFFSET ?
2026-09-25 02:05:24,118 - INFO - [cached since 0.2773s ago] (1019, 1, 0)
2026-09-25 02:05:24,119 - INFO - INSERT INTO sales (transaction_id, product, category, quantity, price, total_sale, load_date) VALUES (?, ?, ?, ?, ?, ?, ?)
2026-09-25 02:05:24,120 - INFO - [cached since 0.2721s ago] (1019, 'Beans', 'Food', 10, 18, 180, '2026-09-25 02:05:23.542328')
2026-09-25 02:05:24,127 - INFO - COMMIT
2026-09-25 02:05:24,132 - INFO - Add transactions to the database
2026-09-25 02:05:24,132 - INFO - Adding valid transactions to the database
2026-09-25 02:05:24,133 - INFO - BEGIN (implicit)
2026-09-25 02:05:24,133 - INFO - SELECT sales.id AS sales_id, sales.transaction_id AS sales_transaction_id, sales.product AS sales_product, sales.category AS sales_category, sales.quantity AS sales_quantity, sales.price AS sales_price, sales.total_sale AS sales_total_sale, sales.load_date AS sales_load_date 
FROM sales 
WHERE sales.transaction_id = ?
 LIMIT ? OFFSET ?
2026-09-25 02:05:24,134 - INFO - [cached since 0.2929s ago] (1021, 1, 0)
2026-09-25 02:05:24,135 - INFO - INSERT INTO sales (transaction_id, product, category, quantity, price, total_sale, load_date) VALUES (?, ?, ?, ?, ?, ?, ?)
2026-09-25 02:05:24,136 - INFO - [cached since 0.2881s ago] (1021, 'TV', 'Electronics', 1, 5000, 5000, '2026-09-25 02:05:23.542328')
2026-09-25 02:05:24,145 - INFO - COMMIT
2026-09-25 02:05:24,158 - INFO - Add transactions to the database
2026-09-25 02:05:24,158 - INFO - Adding valid transactions to the database
2026-09-25 02:05:24,161 - INFO - BEGIN (implicit)
2026-09-25 02:05:24,165 - INFO - SELECT sales.id AS sales_id, sales.transaction_id AS sales_transaction_id, sales.product AS sales_product, sales.category AS sales_category, sales.quantity AS sales_quantity, sales.price AS sales_price, sales.total_sale AS sales_total_sale, sales.load_date AS sales_load_date 
FROM sales 
WHERE sales.transaction_id = ?
 LIMIT ? OFFSET ?
2026-09-25 02:05:24,167 - INFO - [cached since 0.3262s ago] (1022, 1, 0)
2026-09-25 02:05:24,172 - INFO - INSERT INTO sales (transaction_id, product, category, quantity, price, total_sale, load_date) VALUES (?, ?, ?, ?, ?, ?, ?)
2026-09-25 02:05:24,175 - INFO - [cached since 0.3269s ago] (1022, 'Coffee', 'Drinks', 6, 45, 270, '2026-09-25 02:05:23.542328')
2026-09-25 02:05:24,187 - INFO - COMMIT
2026-09-25 02:05:24,199 - INFO - Add transactions to the database
2026-09-25 02:05:24,200 - INFO - Adding valid transactions to the database
2026-09-25 02:05:24,201 - INFO - BEGIN (implicit)
2026-09-25 02:05:24,203 - INFO - SELECT sales.id AS sales_id, sales.transaction_id AS sales_transaction_id, sales.product AS sales_product, sales.category AS sales_category, sales.quantity AS sales_quantity, sales.price AS sales_price, sales.total_sale AS sales_total_sale, sales.load_date AS sales_load_date 
FROM sales 
WHERE sales.transaction_id = ?
 LIMIT ? OFFSET ?
2026-09-25 02:05:24,209 - INFO - [cached since 0.3681s ago] (1023, 1, 0)
2026-09-25 02:05:24,216 - INFO - INSERT INTO sales (transaction_id, product, category, quantity, price, total_sale, load_date) VALUES (?, ?, ?, ?, ?, ?, ?)
2026-09-25 02:05:24,217 - INFO - [cached since 0.3693s ago] (1023, 'Tea', 'Drinks', 5, 30, 150, '2026-09-25 02:05:23.542328')
2026-09-25 02:05:24,231 - INFO - COMMIT
2026-09-25 02:05:24,247 - INFO - Add transactions to the database
2026-09-25 02:05:24,248 - INFO - Adding valid transactions to the database
2026-09-25 02:05:24,248 - INFO - BEGIN (implicit)
2026-09-25 02:05:24,253 - INFO - SELECT sales.id AS sales_id, sales.transaction_id AS sales_transaction_id, sales.product AS sales_product, sales.category AS sales_category, sales.quantity AS sales_quantity, sales.price AS sales_price, sales.total_sale AS sales_total_sale, sales.load_date AS sales_load_date 
FROM sales 
WHERE sales.transaction_id = ?
 LIMIT ? OFFSET ?
2026-09-25 02:05:24,258 - INFO - [cached since 0.4171s ago] (1024, 1, 0)
2026-09-25 02:05:24,262 - INFO - INSERT INTO sales (transaction_id, product, category, quantity, price, total_sale, load_date) VALUES (?, ?, ?, ?, ?, ?, ?)
2026-09-25 02:05:24,269 - INFO - [cached since 0.4216s ago] (1024, 'Butter', 'Dairy', 4, 55, 220, '2026-09-25 02:05:23.542328')
2026-09-25 02:05:24,287 - INFO - COMMIT
2026-09-25 02:05:24,297 - INFO - Add transactions to the database
2026-09-25 02:05:24,297 - INFO - Adding valid transactions to the database
2026-09-25 02:05:24,299 - INFO - BEGIN (implicit)
2026-09-25 02:05:24,316 - INFO - SELECT sales.id AS sales_id, sales.transaction_id AS sales_transaction_id, sales.product AS sales_product, sales.category AS sales_category, sales.quantity AS sales_quantity, sales.price AS sales_price, sales.total_sale AS sales_total_sale, sales.load_date AS sales_load_date 
FROM sales 
WHERE sales.transaction_id = ?
 LIMIT ? OFFSET ?
2026-09-25 02:05:24,319 - INFO - [cached since 0.4787s ago] (1025, 1, 0)
2026-09-25 02:05:24,323 - INFO - INSERT INTO sales (transaction_id, product, category, quantity, price, total_sale, load_date) VALUES (?, ?, ?, ?, ?, ?, ?)
2026-09-25 02:05:24,331 - INFO - [cached since 0.4831s ago] (1025, 'Yogurt', 'Dairy', 8, 18, 144, '2026-09-25 02:05:23.542328')
2026-09-25 02:05:24,367 - INFO - COMMIT
2026-09-25 02:05:24,378 - INFO - Add transactions to the database
2026-09-25 02:05:24,378 - INFO - Adding valid transactions to the database
2026-09-25 02:05:24,379 - INFO - BEGIN (implicit)
2026-09-25 02:05:24,380 - INFO - SELECT sales.id AS sales_id, sales.transaction_id AS sales_transaction_id, sales.product AS sales_product, sales.category AS sales_category, sales.quantity AS sales_quantity, sales.price AS sales_price, sales.total_sale AS sales_total_sale, sales.load_date AS sales_load_date 
FROM sales 
WHERE sales.transaction_id = ?
 LIMIT ? OFFSET ?
2026-09-25 02:05:24,380 - INFO - [cached since 0.5397s ago] (1026, 1, 0)
2026-09-25 02:05:24,382 - INFO - INSERT INTO sales (transaction_id, product, category, quantity, price, total_sale, load_date) VALUES (?, ?, ?, ?, ?, ?, ?)
2026-09-25 02:05:24,382 - INFO - [cached since 0.5344s ago] (1026, 'Cereal', 'Food', 7, 60, 420, '2026-09-25 02:05:23.542328')
2026-09-25 02:05:24,385 - INFO - COMMIT
2026-09-25 02:05:24,397 - INFO - Add transactions to the database
2026-09-25 02:05:24,397 - INFO - Adding valid transactions to the database
2026-09-25 02:05:24,398 - INFO - BEGIN (implicit)
2026-09-25 02:05:24,399 - INFO - SELECT sales.id AS sales_id, sales.transaction_id AS sales_transaction_id, sales.product AS sales_product, sales.category AS sales_category, sales.quantity AS sales_quantity, sales.price AS sales_price, sales.total_sale AS sales_total_sale, sales.load_date AS sales_load_date 
FROM sales 
WHERE sales.transaction_id = ?
 LIMIT ? OFFSET ?
2026-09-25 02:05:24,399 - INFO - [cached since 0.5582s ago] (1030, 1, 0)
2026-09-25 02:05:24,400 - INFO - INSERT INTO sales (transaction_id, product, category, quantity, price, total_sale, load_date) VALUES (?, ?, ?, ?, ?, ?, ?)
2026-09-25 02:05:24,401 - INFO - [cached since 0.5528s ago] (1030, 'Detergent', 'Household', 3, 90, 270, '2026-09-25 02:05:23.542328')
2026-09-25 02:05:24,403 - INFO - COMMIT
2026-09-25 02:05:24,414 - INFO - Add transactions to the database
2026-09-25 02:05:24,414 - INFO - Adding valid transactions to the database
2026-09-25 02:05:24,415 - INFO - BEGIN (implicit)
2026-09-25 02:05:24,415 - INFO - SELECT sales.id AS sales_id, sales.transaction_id AS sales_transaction_id, sales.product AS sales_product, sales.category AS sales_category, sales.quantity AS sales_quantity, sales.price AS sales_price, sales.total_sale AS sales_total_sale, sales.load_date AS sales_load_date 
FROM sales 
WHERE sales.transaction_id = ?
 LIMIT ? OFFSET ?
2026-09-25 02:05:24,416 - INFO - [cached since 0.5749s ago] (1031, 1, 0)
2026-09-25 02:05:24,417 - INFO - INSERT INTO sales (transaction_id, product, category, quantity, price, total_sale, load_date) VALUES (?, ?, ?, ?, ?, ?, ?)
2026-09-25 02:05:24,417 - INFO - [cached since 0.5694s ago] (1031, 'Toothpaste', 'Household', 4, 40, 160, '2026-09-25 02:05:23.542328')
2026-09-25 02:05:24,420 - INFO - COMMIT
2026-09-25 02:05:24,433 - INFO - Add transactions to the database
2026-09-25 02:05:24,433 - INFO - Adding valid transactions to the database
2026-09-25 02:05:24,433 - INFO - BEGIN (implicit)
2026-09-25 02:05:24,434 - INFO - SELECT sales.id AS sales_id, sales.transaction_id AS sales_transaction_id, sales.product AS sales_product, sales.category AS sales_category, sales.quantity AS sales_quantity, sales.price AS sales_price, sales.total_sale AS sales_total_sale, sales.load_date AS sales_load_date 
FROM sales 
WHERE sales.transaction_id = ?
 LIMIT ? OFFSET ?
2026-09-25 02:05:24,434 - INFO - [cached since 0.5937s ago] (1032, 1, 0)
2026-09-25 02:05:24,436 - INFO - INSERT INTO sales (transaction_id, product, category, quantity, price, total_sale, load_date) VALUES (?, ?, ?, ?, ?, ?, ?)
2026-09-25 02:05:24,439 - INFO - [cached since 0.5914s ago] (1032, 'Dish Soap', 'Household', 2, 38, 76, '2026-09-25 02:05:23.542328')
2026-09-25 02:05:24,448 - INFO - COMMIT
2026-09-25 02:05:24,464 - INFO - Add transactions to the database
2026-09-25 02:05:24,464 - INFO - Adding valid transactions to the database
2026-09-25 02:05:24,466 - INFO - BEGIN (implicit)
2026-09-25 02:05:24,468 - INFO - SELECT sales.id AS sales_id, sales.transaction_id AS sales_transaction_id, sales.product AS sales_product, sales.category AS sales_category, sales.quantity AS sales_quantity, sales.price AS sales_price, sales.total_sale AS sales_total_sale, sales.load_date AS sales_load_date 
FROM sales 
WHERE sales.transaction_id = ?
 LIMIT ? OFFSET ?
2026-09-25 02:05:24,469 - INFO - [cached since 0.628s ago] (1033, 1, 0)
2026-09-25 02:05:24,474 - INFO - INSERT INTO sales (transaction_id, product, category, quantity, price, total_sale, load_date) VALUES (?, ?, ?, ?, ?, ?, ?)
2026-09-25 02:05:24,477 - INFO - [cached since 0.6294s ago] (1033, 'Ice Cream', 'Dairy', 5, 42, 210, '2026-09-25 02:05:23.542328')
2026-09-25 02:05:24,481 - INFO - COMMIT
2026-09-25 02:05:24,485 - INFO - Add transactions to the database
2026-09-25 02:05:24,485 - INFO - Adding valid transactions to the database
2026-09-25 02:05:24,486 - INFO - BEGIN (implicit)
2026-09-25 02:05:24,487 - INFO - SELECT sales.id AS sales_id, sales.transaction_id AS sales_transaction_id, sales.product AS sales_product, sales.category AS sales_category, sales.quantity AS sales_quantity, sales.price AS sales_price, sales.total_sale AS sales_total_sale, sales.load_date AS sales_load_date 
FROM sales 
WHERE sales.transaction_id = ?
 LIMIT ? OFFSET ?
2026-09-25 02:05:24,490 - INFO - [cached since 0.6492s ago] (1034, 1, 0)
2026-09-25 02:05:24,494 - INFO - INSERT INTO sales (transaction_id, product, category, quantity, price, total_sale, load_date) VALUES (?, ?, ?, ?, ?, ?, ?)
2026-09-25 02:05:24,496 - INFO - [cached since 0.6481s ago] (1034, 'Biscuits', 'Snacks', 8, 18, 144, '2026-09-25 02:05:23.542328')
2026-09-25 02:05:24,499 - INFO - COMMIT
2026-09-25 02:05:24,503 - INFO - Add transactions to the database
2026-09-25 02:05:24,503 - INFO - Adding valid transactions to the database
2026-09-25 02:05:24,506 - INFO - BEGIN (implicit)
2026-09-25 02:05:24,507 - INFO - SELECT sales.id AS sales_id, sales.transaction_id AS sales_transaction_id, sales.product AS sales_product, sales.category AS sales_category, sales.quantity AS sales_quantity, sales.price AS sales_price, sales.total_sale AS sales_total_sale, sales.load_date AS sales_load_date 
FROM sales 
WHERE sales.transaction_id = ?
 LIMIT ? OFFSET ?
2026-09-25 02:05:24,511 - INFO - [cached since 0.6699s ago] (1035, 1, 0)
2026-09-25 02:05:24,512 - INFO - INSERT INTO sales (transaction_id, product, category, quantity, price, total_sale, load_date) VALUES (?, ?, ?, ?, ?, ?, ?)
2026-09-25 02:05:24,513 - INFO - [cached since 0.6651s ago] (1035, 'Chocolate', 'Snacks', 6, 25, 150, '2026-09-25 02:05:23.542328')
2026-09-25 02:05:24,515 - INFO - COMMIT
2026-09-25 02:05:24,522 - INFO - Add transactions to the database
2026-09-25 02:05:24,523 - INFO - Adding valid transactions to the database
2026-09-25 02:05:24,524 - INFO - BEGIN (implicit)
2026-09-25 02:05:24,526 - INFO - SELECT sales.id AS sales_id, sales.transaction_id AS sales_transaction_id, sales.product AS sales_product, sales.category AS sales_category, sales.quantity AS sales_quantity, sales.price AS sales_price, sales.total_sale AS sales_total_sale, sales.load_date AS sales_load_date 
FROM sales 
WHERE sales.transaction_id = ?
 LIMIT ? OFFSET ?
2026-09-25 02:05:24,529 - INFO - [cached since 0.6878s ago] (1036, 1, 0)
2026-09-25 02:05:24,530 - INFO - INSERT INTO sales (transaction_id, product, category, quantity, price, total_sale, load_date) VALUES (?, ?, ?, ?, ?, ?, ?)
2026-09-25 02:05:24,530 - INFO - [cached since 0.6827s ago] (1036, 'Energy Drink', 'Drinks', 7, 28, 196, '2026-09-25 02:05:23.542328')
2026-09-25 02:05:24,534 - INFO - COMMIT
2026-09-25 02:05:24,544 - INFO - Add transactions to the database
2026-09-25 02:05:24,544 - INFO - Adding valid transactions to the database
2026-09-25 02:05:24,546 - INFO - BEGIN (implicit)
2026-09-25 02:05:24,547 - INFO - SELECT sales.id AS sales_id, sales.transaction_id AS sales_transaction_id, sales.product AS sales_product, sales.category AS sales_category, sales.quantity AS sales_quantity, sales.price AS sales_price, sales.total_sale AS sales_total_sale, sales.load_date AS sales_load_date 
FROM sales 
WHERE sales.transaction_id = ?
 LIMIT ? OFFSET ?
2026-09-25 02:05:24,547 - INFO - [cached since 0.7064s ago] (1037, 1, 0)
2026-09-25 02:05:24,549 - INFO - INSERT INTO sales (transaction_id, product, category, quantity, price, total_sale, load_date) VALUES (?, ?, ?, ?, ?, ?, ?)
2026-09-25 02:05:24,549 - INFO - [cached since 0.7012s ago] (1037, 'Cookies', 'Snacks', 4, 20, 80, '2026-09-25 02:05:23.542328')
2026-09-25 02:05:24,551 - INFO - COMMIT
2026-09-25 02:05:24,560 - INFO - Add transactions to the database
2026-09-25 02:05:24,561 - INFO - Adding valid transactions to the database
2026-09-25 02:05:24,562 - INFO - BEGIN (implicit)
2026-09-25 02:05:24,563 - INFO - SELECT sales.id AS sales_id, sales.transaction_id AS sales_transaction_id, sales.product AS sales_product, sales.category AS sales_category, sales.quantity AS sales_quantity, sales.price AS sales_price, sales.total_sale AS sales_total_sale, sales.load_date AS sales_load_date 
FROM sales 
WHERE sales.transaction_id = ?
 LIMIT ? OFFSET ?
2026-09-25 02:05:24,563 - INFO - [cached since 0.7227s ago] (1038, 1, 0)
2026-09-25 02:05:24,565 - INFO - INSERT INTO sales (transaction_id, product, category, quantity, price, total_sale, load_date) VALUES (?, ?, ?, ?, ?, ?, ?)
2026-09-25 02:05:24,565 - INFO - [cached since 0.7174s ago] (1038, 'Sugar', 'Food', 9, 25, 225, '2026-09-25 02:05:23.542328')
2026-09-25 02:05:24,568 - INFO - COMMIT
2026-09-25 02:05:24,578 - INFO - Add transactions to the database
2026-09-25 02:05:24,579 - INFO - Adding valid transactions to the database
2026-09-25 02:05:24,579 - INFO - BEGIN (implicit)
2026-09-25 02:05:24,583 - INFO - SELECT sales.id AS sales_id, sales.transaction_id AS sales_transaction_id, sales.product AS sales_product, sales.category AS sales_category, sales.quantity AS sales_quantity, sales.price AS sales_price, sales.total_sale AS sales_total_sale, sales.load_date AS sales_load_date 
FROM sales 
WHERE sales.transaction_id = ?
 LIMIT ? OFFSET ?
2026-09-25 02:05:24,585 - INFO - [cached since 0.7442s ago] (1039, 1, 0)
2026-09-25 02:05:24,587 - INFO - INSERT INTO sales (transaction_id, product, category, quantity, price, total_sale, load_date) VALUES (?, ?, ?, ?, ?, ?, ?)
2026-09-25 02:05:24,590 - INFO - [cached since 0.7422s ago] (1039, 'Flour', 'Food', 5, 32, 160, '2026-09-25 02:05:23.542328')
2026-09-25 02:05:24,595 - INFO - COMMIT
2026-09-25 02:05:24,601 - INFO - Add transactions to the database
2026-09-25 02:05:24,602 - INFO - Adding valid transactions to the database
2026-09-25 02:05:24,602 - INFO - BEGIN (implicit)
2026-09-25 02:05:24,603 - INFO - SELECT sales.id AS sales_id, sales.transaction_id AS sales_transaction_id, sales.product AS sales_product, sales.category AS sales_category, sales.quantity AS sales_quantity, sales.price AS sales_price, sales.total_sale AS sales_total_sale, sales.load_date AS sales_load_date 
FROM sales 
WHERE sales.transaction_id = ?
 LIMIT ? OFFSET ?
2026-09-25 02:05:24,607 - INFO - [cached since 0.7658s ago] (1041, 1, 0)
2026-09-25 02:05:24,611 - INFO - INSERT INTO sales (transaction_id, product, category, quantity, price, total_sale, load_date) VALUES (?, ?, ?, ?, ?, ?, ?)
2026-09-25 02:05:24,612 - INFO - [cached since 0.7642s ago] (1041, 'Soap', 'Household', 1, 45, 45, '2026-09-25 02:05:23.542328')
2026-09-25 02:05:24,615 - INFO - COMMIT
2026-09-25 02:05:24,623 - INFO - Add transactions to the database
2026-09-25 02:05:24,623 - INFO - Adding valid transactions to the database
2026-09-25 02:05:24,627 - INFO - BEGIN (implicit)
2026-09-25 02:05:24,630 - INFO - SELECT sales.id AS sales_id, sales.transaction_id AS sales_transaction_id, sales.product AS sales_product, sales.category AS sales_category, sales.quantity AS sales_quantity, sales.price AS sales_price, sales.total_sale AS sales_total_sale, sales.load_date AS sales_load_date 
FROM sales 
WHERE sales.transaction_id = ?
 LIMIT ? OFFSET ?
2026-09-25 02:05:24,630 - INFO - [cached since 0.7893s ago] (1042, 1, 0)
2026-09-25 02:05:24,632 - INFO - INSERT INTO sales (transaction_id, product, category, quantity, price, total_sale, load_date) VALUES (?, ?, ?, ?, ?, ?, ?)
2026-09-25 02:05:24,632 - INFO - [cached since 0.7845s ago] (1042, 'Milk', 'Dairy', 4, 18, 72, '2026-09-25 02:05:23.542328')
2026-09-25 02:05:24,636 - INFO - COMMIT
2026-09-25 02:05:24,646 - INFO - Add transactions to the database
2026-09-25 02:05:24,646 - INFO - Adding valid transactions to the database
2026-09-25 02:05:24,647 - INFO - BEGIN (implicit)
2026-09-25 02:05:24,648 - INFO - SELECT sales.id AS sales_id, sales.transaction_id AS sales_transaction_id, sales.product AS sales_product, sales.category AS sales_category, sales.quantity AS sales_quantity, sales.price AS sales_price, sales.total_sale AS sales_total_sale, sales.load_date AS sales_load_date 
FROM sales 
WHERE sales.transaction_id = ?
 LIMIT ? OFFSET ?
2026-09-25 02:05:24,648 - INFO - [cached since 0.8075s ago] (1043, 1, 0)
2026-09-25 02:05:24,650 - INFO - INSERT INTO sales (transaction_id, product, category, quantity, price, total_sale, load_date) VALUES (?, ?, ?, ?, ?, ?, ?)
2026-09-25 02:05:24,652 - INFO - [cached since 0.804s ago] (1043, 'Eggs', 'Dairy', 2, 35, 70, '2026-09-25 02:05:23.542328')
2026-09-25 02:05:24,666 - INFO - COMMIT
2026-09-25 02:05:24,674 - INFO - Add transactions to the database
2026-09-25 02:05:24,674 - INFO - Adding valid transactions to the database
2026-09-25 02:05:24,675 - INFO - BEGIN (implicit)
2026-09-25 02:05:24,677 - INFO - SELECT sales.id AS sales_id, sales.transaction_id AS sales_transaction_id, sales.product AS sales_product, sales.category AS sales_category, sales.quantity AS sales_quantity, sales.price AS sales_price, sales.total_sale AS sales_total_sale, sales.load_date AS sales_load_date 
FROM sales 
WHERE sales.transaction_id = ?
 LIMIT ? OFFSET ?
2026-09-25 02:05:24,679 - INFO - [cached since 0.8379s ago] (1044, 1, 0)
2026-09-25 02:05:24,680 - INFO - INSERT INTO sales (transaction_id, product, category, quantity, price, total_sale, load_date) VALUES (?, ?, ?, ?, ?, ?, ?)
2026-09-25 02:05:24,681 - INFO - [cached since 0.8334s ago] (1044, 'Coke', 'Drinks', 5, 15, 75, '2026-09-25 02:05:23.542328')
2026-09-25 02:05:24,684 - INFO - COMMIT
2026-09-25 02:05:24,696 - INFO - Add transactions to the database
2026-09-25 02:05:24,696 - INFO - Adding valid transactions to the database
2026-09-25 02:05:24,697 - INFO - BEGIN (implicit)
2026-09-25 02:05:24,698 - INFO - SELECT sales.id AS sales_id, sales.transaction_id AS sales_transaction_id, sales.product AS sales_product, sales.category AS sales_category, sales.quantity AS sales_quantity, sales.price AS sales_price, sales.total_sale AS sales_total_sale, sales.load_date AS sales_load_date 
FROM sales 
WHERE sales.transaction_id = ?
 LIMIT ? OFFSET ?
2026-09-25 02:05:24,700 - INFO - [cached since 0.8588s ago] (1045, 1, 0)
2026-09-25 02:05:24,702 - INFO - INSERT INTO sales (transaction_id, product, category, quantity, price, total_sale, load_date) VALUES (?, ?, ?, ?, ?, ?, ?)
2026-09-25 02:05:24,703 - INFO - [cached since 0.8552s ago] (1045, 'Water', 'Drinks', 4, 10, 40, '2026-09-25 02:05:23.542328')
2026-09-25 02:05:24,715 - INFO - COMMIT
2026-09-25 02:05:24,720 - INFO - Add transactions to the database
2026-09-25 02:05:24,720 - INFO - Adding valid transactions to the database
2026-09-25 02:05:24,723 - INFO - BEGIN (implicit)
2026-09-25 02:05:24,728 - INFO - SELECT sales.id AS sales_id, sales.transaction_id AS sales_transaction_id, sales.product AS sales_product, sales.category AS sales_category, sales.quantity AS sales_quantity, sales.price AS sales_price, sales.total_sale AS sales_total_sale, sales.load_date AS sales_load_date 
FROM sales 
WHERE sales.transaction_id = ?
 LIMIT ? OFFSET ?
2026-09-25 02:05:24,729 - INFO - [cached since 0.8883s ago] (1046, 1, 0)
2026-09-25 02:05:24,731 - INFO - INSERT INTO sales (transaction_id, product, category, quantity, price, total_sale, load_date) VALUES (?, ?, ?, ?, ?, ?, ?)
2026-09-25 02:05:24,732 - INFO - [cached since 0.8838s ago] (1046, 'Apple Juice', 'Drinks', 3, 22, 66, '2026-09-25 02:05:23.542328')
2026-09-25 02:05:24,737 - INFO - COMMIT
2026-09-25 02:05:24,748 - INFO - Add transactions to the database
2026-09-25 02:05:24,748 - INFO - Adding valid transactions to the database
2026-09-25 02:05:24,749 - INFO - BEGIN (implicit)
2026-09-25 02:05:24,750 - INFO - SELECT sales.id AS sales_id, sales.transaction_id AS sales_transaction_id, sales.product AS sales_product, sales.category AS sales_category, sales.quantity AS sales_quantity, sales.price AS sales_price, sales.total_sale AS sales_total_sale, sales.load_date AS sales_load_date 
FROM sales 
WHERE sales.transaction_id = ?
 LIMIT ? OFFSET ?
2026-09-25 02:05:24,750 - INFO - [cached since 0.9091s ago] (1047, 1, 0)
2026-09-25 02:05:24,751 - INFO - INSERT INTO sales (transaction_id, product, category, quantity, price, total_sale, load_date) VALUES (?, ?, ?, ?, ?, ?, ?)
2026-09-25 02:05:24,751 - INFO - [cached since 0.9037s ago] (1047, 'Pasta', 'Food', 5, 30, 150, '2026-09-25 02:05:23.542328')
2026-09-25 02:05:24,759 - INFO - COMMIT
2026-09-25 02:05:24,765 - INFO - Add transactions to the database
2026-09-25 02:05:24,766 - INFO - Adding valid transactions to the database
2026-09-25 02:05:24,766 - INFO - BEGIN (implicit)
2026-09-25 02:05:24,767 - INFO - SELECT sales.id AS sales_id, sales.transaction_id AS sales_transaction_id, sales.product AS sales_product, sales.category AS sales_category, sales.quantity AS sales_quantity, sales.price AS sales_price, sales.total_sale AS sales_total_sale, sales.load_date AS sales_load_date 
FROM sales 
WHERE sales.transaction_id = ?
 LIMIT ? OFFSET ?
2026-09-25 02:05:24,767 - INFO - [cached since 0.9263s ago] (1048, 1, 0)
2026-09-25 02:05:24,768 - INFO - INSERT INTO sales (transaction_id, product, category, quantity, price, total_sale, load_date) VALUES (?, ?, ?, ?, ?, ?, ?)
2026-09-25 02:05:24,769 - INFO - [cached since 0.921s ago] (1048, 'Rice', 'Food', 6, 40, 240, '2026-09-25 02:05:23.542328')
2026-09-25 02:05:24,777 - INFO - COMMIT
2026-09-25 02:05:24,783 - INFO - Add transactions to the database
2026-09-25 02:05:24,783 - INFO - Adding valid transactions to the database
2026-09-25 02:05:24,784 - INFO - BEGIN (implicit)
2026-09-25 02:05:24,784 - INFO - SELECT sales.id AS sales_id, sales.transaction_id AS sales_transaction_id, sales.product AS sales_product, sales.category AS sales_category, sales.quantity AS sales_quantity, sales.price AS sales_price, sales.total_sale AS sales_total_sale, sales.load_date AS sales_load_date 
FROM sales 
WHERE sales.transaction_id = ?
 LIMIT ? OFFSET ?
2026-09-25 02:05:24,785 - INFO - [cached since 0.9439s ago] (1049, 1, 0)
2026-09-25 02:05:24,786 - INFO - INSERT INTO sales (transaction_id, product, category, quantity, price, total_sale, load_date) VALUES (?, ?, ?, ?, ?, ?, ?)
2026-09-25 02:05:24,786 - INFO - [cached since 0.9386s ago] (1049, 'Beans', 'Food', 7, 18, 126, '2026-09-25 02:05:23.542328')
2026-09-25 02:05:24,796 - INFO - COMMIT
2026-09-25 02:05:24,800 - INFO - Add transactions to the database
2026-09-25 02:05:24,800 - INFO - Adding valid transactions to the database
2026-09-25 02:05:24,801 - INFO - BEGIN (implicit)
2026-09-25 02:05:24,802 - INFO - SELECT sales.id AS sales_id, sales.transaction_id AS sales_transaction_id, sales.product AS sales_product, sales.category AS sales_category, sales.quantity AS sales_quantity, sales.price AS sales_price, sales.total_sale AS sales_total_sale, sales.load_date AS sales_load_date 
FROM sales 
WHERE sales.transaction_id = ?
 LIMIT ? OFFSET ?
2026-09-25 02:05:24,803 - INFO - [cached since 0.9622s ago] (1050, 1, 0)
2026-09-25 02:05:24,808 - INFO - INSERT INTO sales (transaction_id, product, category, quantity, price, total_sale, load_date) VALUES (?, ?, ?, ?, ?, ?, ?)
2026-09-25 02:05:24,811 - INFO - [cached since 0.9605s ago] (1050, 'Soap', 'Household', 2, 45, 90, '2026-09-25 02:05:23.542328')
2026-09-25 02:05:24,814 - INFO - COMMIT
2026-09-25 02:05:24,831 - INFO - Add transactions to the database
2026-09-25 02:05:24,831 - CRITICAL - Addidng Invalid transactions to the database
2026-09-25 02:05:24,832 - INFO - BEGIN (implicit)
2026-09-25 02:05:24,834 - INFO - SELECT invalid_transaction.id AS invalid_transaction_id, invalid_transaction.transaction_id AS invalid_transaction_transaction_id, invalid_transaction.product AS invalid_transaction_product, invalid_transaction.category AS invalid_transaction_category, invalid_transaction.quantity AS invalid_transaction_quantity, invalid_transaction.price AS invalid_transaction_price, invalid_transaction.description AS invalid_transaction_description, invalid_transaction.load_date AS invalid_transaction_load_date 
FROM invalid_transaction 
WHERE invalid_transaction.transaction_id = ?
 LIMIT ? OFFSET ?
2026-09-25 02:05:24,835 - INFO - [generated in 0.00048s] (1010, 1, 0)
2026-09-25 02:05:24,841 - INFO - INSERT INTO invalid_transaction (transaction_id, product, category, quantity, price, description, load_date) VALUES (?, ?, ?, ?, ?, ?, ?)
2026-09-25 02:05:24,843 - INFO - [generated in 0.00626s] (1010, 'Bread', 'Food', '-2', '20', 'Negative quantities', '2026-09-25 02:05:23.549387')
2026-09-25 02:05:24,847 - INFO - COMMIT
2026-09-25 02:05:24,852 - INFO - Add transactions to the database
2026-09-25 02:05:24,852 - CRITICAL - Addidng Invalid transactions to the database
2026-09-25 02:05:24,853 - INFO - BEGIN (implicit)
2026-09-25 02:05:24,853 - INFO - SELECT invalid_transaction.id AS invalid_transaction_id, invalid_transaction.transaction_id AS invalid_transaction_transaction_id, invalid_transaction.product AS invalid_transaction_product, invalid_transaction.category AS invalid_transaction_category, invalid_transaction.quantity AS invalid_transaction_quantity, invalid_transaction.price AS invalid_transaction_price, invalid_transaction.description AS invalid_transaction_description, invalid_transaction.load_date AS invalid_transaction_load_date 
FROM invalid_transaction 
WHERE invalid_transaction.transaction_id = ?
 LIMIT ? OFFSET ?
2026-09-25 02:05:24,856 - INFO - [cached since 0.02132s ago] (1011, 1, 0)
2026-09-25 02:05:24,862 - INFO - INSERT INTO invalid_transaction (transaction_id, product, category, quantity, price, description, load_date) VALUES (?, ?, ?, ?, ?, ?, ?)
2026-09-25 02:05:24,863 - INFO - [cached since 0.02573s ago] (1011, 'Coke', 'Drinks', '0', '15', 'Negative quantities', '2026-09-25 02:05:23.549387')
2026-09-25 02:05:24,865 - INFO - COMMIT
2026-09-25 02:05:24,878 - INFO - Add transactions to the database
2026-09-25 02:05:24,878 - CRITICAL - Addidng Invalid transactions to the database
2026-09-25 02:05:24,879 - INFO - BEGIN (implicit)
2026-09-25 02:05:24,880 - INFO - SELECT invalid_transaction.id AS invalid_transaction_id, invalid_transaction.transaction_id AS invalid_transaction_transaction_id, invalid_transaction.product AS invalid_transaction_product, invalid_transaction.category AS invalid_transaction_category, invalid_transaction.quantity AS invalid_transaction_quantity, invalid_transaction.price AS invalid_transaction_price, invalid_transaction.description AS invalid_transaction_description, invalid_transaction.load_date AS invalid_transaction_load_date 
FROM invalid_transaction 
WHERE invalid_transaction.transaction_id = ?
 LIMIT ? OFFSET ?
2026-09-25 02:05:24,881 - INFO - [cached since 0.0462s ago] (1012, 1, 0)
2026-09-25 02:05:24,882 - INFO - INSERT INTO invalid_transaction (transaction_id, product, category, quantity, price, description, load_date) VALUES (?, ?, ?, ?, ?, ?, ?)
2026-09-25 02:05:24,883 - INFO - [cached since 0.04581s ago] (1012, 'Milk', 'Dairy', '5', '-18', 'Negative Price', '2026-09-25 02:05:23.549387')
2026-09-25 02:05:24,885 - INFO - COMMIT
2026-09-25 02:05:24,894 - INFO - Add transactions to the database
2026-09-25 02:05:24,894 - CRITICAL - Addidng Invalid transactions to the database
2026-09-25 02:05:24,895 - INFO - BEGIN (implicit)
2026-09-25 02:05:24,895 - INFO - SELECT invalid_transaction.id AS invalid_transaction_id, invalid_transaction.transaction_id AS invalid_transaction_transaction_id, invalid_transaction.product AS invalid_transaction_product, invalid_transaction.category AS invalid_transaction_category, invalid_transaction.quantity AS invalid_transaction_quantity, invalid_transaction.price AS invalid_transaction_price, invalid_transaction.description AS invalid_transaction_description, invalid_transaction.load_date AS invalid_transaction_load_date 
FROM invalid_transaction 
WHERE invalid_transaction.transaction_id = ?
 LIMIT ? OFFSET ?
2026-09-25 02:05:24,896 - INFO - [cached since 0.06143s ago] (1013, 1, 0)
2026-09-25 02:05:24,897 - INFO - INSERT INTO invalid_transaction (transaction_id, product, category, quantity, price, description, load_date) VALUES (?, ?, ?, ?, ?, ?, ?)
2026-09-25 02:05:24,898 - INFO - [cached since 0.06093s ago] (1013, 'Eggs', 'Dairy', 'abc', '35', 'Uknown types like we got alphabets or symbols instead of numbers from quantity', '2026-09-25 02:05:23.549387')
2026-09-25 02:05:24,901 - INFO - COMMIT
2026-09-25 02:05:24,912 - INFO - Add transactions to the database
2026-09-25 02:05:24,912 - CRITICAL - Addidng Invalid transactions to the database
2026-09-25 02:05:24,913 - INFO - BEGIN (implicit)
2026-09-25 02:05:24,913 - INFO - SELECT invalid_transaction.id AS invalid_transaction_id, invalid_transaction.transaction_id AS invalid_transaction_transaction_id, invalid_transaction.product AS invalid_transaction_product, invalid_transaction.category AS invalid_transaction_category, invalid_transaction.quantity AS invalid_transaction_quantity, invalid_transaction.price AS invalid_transaction_price, invalid_transaction.description AS invalid_transaction_description, invalid_transaction.load_date AS invalid_transaction_load_date 
FROM invalid_transaction 
WHERE invalid_transaction.transaction_id = ?
 LIMIT ? OFFSET ?
2026-09-25 02:05:24,914 - INFO - [cached since 0.07948s ago] (1014, 1, 0)
2026-09-25 02:05:24,915 - INFO - INSERT INTO invalid_transaction (transaction_id, product, category, quantity, price, description, load_date) VALUES (?, ?, ?, ?, ?, ?, ?)
2026-09-25 02:05:24,915 - INFO - [cached since 0.07849s ago] (1014, 'Chocolate', 'Snacks', '4', 'xyz', 'Uknown types like we got alphabets or symbols instead of numbers from price', '2026-09-25 02:05:23.549387')
2026-09-25 02:05:24,918 - INFO - COMMIT
2026-09-25 02:05:24,929 - INFO - Add transactions to the database
2026-09-25 02:05:24,930 - CRITICAL - Addidng Invalid transactions to the database
2026-09-25 02:05:24,930 - INFO - BEGIN (implicit)
2026-09-25 02:05:24,931 - INFO - SELECT invalid_transaction.id AS invalid_transaction_id, invalid_transaction.transaction_id AS invalid_transaction_transaction_id, invalid_transaction.product AS invalid_transaction_product, invalid_transaction.category AS invalid_transaction_category, invalid_transaction.quantity AS invalid_transaction_quantity, invalid_transaction.price AS invalid_transaction_price, invalid_transaction.description AS invalid_transaction_description, invalid_transaction.load_date AS invalid_transaction_load_date 
FROM invalid_transaction 
WHERE invalid_transaction.transaction_id = ?
 LIMIT ? OFFSET ?
2026-09-25 02:05:24,931 - INFO - [cached since 0.09691s ago] (1016, 1, 0)
2026-09-25 02:05:24,932 - INFO - INSERT INTO invalid_transaction (transaction_id, product, category, quantity, price, description, load_date) VALUES (?, ?, ?, ?, ?, ?, ?)
2026-09-25 02:05:24,933 - INFO - [cached since 0.09587s ago] (1016, 'Coke', 'Drinks', '3', '15', 'Dublicates', '2026-09-25 02:05:23.549387')
2026-09-25 02:05:24,935 - INFO - COMMIT
2026-09-25 02:05:24,947 - INFO - Add transactions to the database
2026-09-25 02:05:24,947 - CRITICAL - Addidng Invalid transactions to the database
2026-09-25 02:05:24,948 - INFO - BEGIN (implicit)
2026-09-25 02:05:24,948 - INFO - SELECT invalid_transaction.id AS invalid_transaction_id, invalid_transaction.transaction_id AS invalid_transaction_transaction_id, invalid_transaction.product AS invalid_transaction_product, invalid_transaction.category AS invalid_transaction_category, invalid_transaction.quantity AS invalid_transaction_quantity, invalid_transaction.price AS invalid_transaction_price, invalid_transaction.description AS invalid_transaction_description, invalid_transaction.load_date AS invalid_transaction_load_date 
FROM invalid_transaction 
WHERE invalid_transaction.transaction_id = ?
 LIMIT ? OFFSET ?
2026-09-25 02:05:24,949 - INFO - [cached since 0.1144s ago] (1016, 1, 0)
2026-09-25 02:05:24,951 - INFO - Add transactions to the database
2026-09-25 02:05:24,951 - CRITICAL - Addidng Invalid transactions to the database
2026-09-25 02:05:24,952 - INFO - SELECT invalid_transaction.id AS invalid_transaction_id, invalid_transaction.transaction_id AS invalid_transaction_transaction_id, invalid_transaction.product AS invalid_transaction_product, invalid_transaction.category AS invalid_transaction_category, invalid_transaction.quantity AS invalid_transaction_quantity, invalid_transaction.price AS invalid_transaction_price, invalid_transaction.description AS invalid_transaction_description, invalid_transaction.load_date AS invalid_transaction_load_date 
FROM invalid_transaction 
WHERE invalid_transaction.transaction_id = ?
 LIMIT ? OFFSET ?
2026-09-25 02:05:24,952 - INFO - [cached since 0.1179s ago] (1017, 1, 0)
2026-09-25 02:05:24,955 - INFO - INSERT INTO invalid_transaction (transaction_id, product, category, quantity, price, description, load_date) VALUES (?, ?, ?, ?, ?, ?, ?)
2026-09-25 02:05:24,958 - INFO - [cached since 0.1201s ago] (1017, None, 'Food', '2', '20', 'Product missing', '2026-09-25 02:05:23.549387')
2026-09-25 02:05:24,962 - INFO - COMMIT
2026-09-25 02:05:24,968 - INFO - Add transactions to the database
2026-09-25 02:05:24,968 - CRITICAL - Addidng Invalid transactions to the database
2026-09-25 02:05:24,969 - INFO - BEGIN (implicit)
2026-09-25 02:05:24,970 - INFO - SELECT invalid_transaction.id AS invalid_transaction_id, invalid_transaction.transaction_id AS invalid_transaction_transaction_id, invalid_transaction.product AS invalid_transaction_product, invalid_transaction.category AS invalid_transaction_category, invalid_transaction.quantity AS invalid_transaction_quantity, invalid_transaction.price AS invalid_transaction_price, invalid_transaction.description AS invalid_transaction_description, invalid_transaction.load_date AS invalid_transaction_load_date 
FROM invalid_transaction 
WHERE invalid_transaction.transaction_id = ?
 LIMIT ? OFFSET ?
2026-09-25 02:05:24,970 - INFO - [cached since 0.1358s ago] (1020, 1, 0)
2026-09-25 02:05:24,978 - INFO - INSERT INTO invalid_transaction (transaction_id, product, category, quantity, price, description, load_date) VALUES (?, ?, ?, ?, ?, ?, ?)
2026-09-25 02:05:24,978 - INFO - [cached since 0.1414s ago] (1020, 'Water', 'Drinks', '1000', '10', 'We have strange transactions like quantity is bigger than price', '2026-09-25 02:05:23.549387')
2026-09-25 02:05:24,981 - INFO - COMMIT
2026-09-25 02:05:24,986 - INFO - Add transactions to the database
2026-09-25 02:05:24,986 - CRITICAL - Addidng Invalid transactions to the database
2026-09-25 02:05:24,987 - INFO - BEGIN (implicit)
2026-09-25 02:05:24,992 - INFO - SELECT invalid_transaction.id AS invalid_transaction_id, invalid_transaction.transaction_id AS invalid_transaction_transaction_id, invalid_transaction.product AS invalid_transaction_product, invalid_transaction.category AS invalid_transaction_category, invalid_transaction.quantity AS invalid_transaction_quantity, invalid_transaction.price AS invalid_transaction_price, invalid_transaction.description AS invalid_transaction_description, invalid_transaction.load_date AS invalid_transaction_load_date 
FROM invalid_transaction 
WHERE invalid_transaction.transaction_id = ?
 LIMIT ? OFFSET ?
2026-09-25 02:05:24,995 - INFO - [cached since 0.1604s ago] (1027, 1, 0)
2026-09-25 02:05:24,997 - INFO - INSERT INTO invalid_transaction (transaction_id, product, category, quantity, price, description, load_date) VALUES (?, ?, ?, ?, ?, ?, ?)
2026-09-25 02:05:24,997 - INFO - [cached since 0.16s ago] (1027, 'Apple', 'Food', '12', '8', 'We have strange transactions like quantity is bigger than price', '2026-09-25 02:05:23.549387')
2026-09-25 02:05:25,000 - INFO - COMMIT
2026-09-25 02:05:25,010 - INFO - Add transactions to the database
2026-09-25 02:05:25,010 - CRITICAL - Addidng Invalid transactions to the database
2026-09-25 02:05:25,011 - INFO - BEGIN (implicit)
2026-09-25 02:05:25,013 - INFO - SELECT invalid_transaction.id AS invalid_transaction_id, invalid_transaction.transaction_id AS invalid_transaction_transaction_id, invalid_transaction.product AS invalid_transaction_product, invalid_transaction.category AS invalid_transaction_category, invalid_transaction.quantity AS invalid_transaction_quantity, invalid_transaction.price AS invalid_transaction_price, invalid_transaction.description AS invalid_transaction_description, invalid_transaction.load_date AS invalid_transaction_load_date 
FROM invalid_transaction 
WHERE invalid_transaction.transaction_id = ?
 LIMIT ? OFFSET ?
2026-09-25 02:05:25,013 - INFO - [cached since 0.1787s ago] (1028, 1, 0)
2026-09-25 02:05:25,014 - INFO - INSERT INTO invalid_transaction (transaction_id, product, category, quantity, price, description, load_date) VALUES (?, ?, ?, ?, ?, ?, ?)
2026-09-25 02:05:25,015 - INFO - [cached since 0.1779s ago] (1028, 'Banana', 'Food', '15', '6', 'We have strange transactions like quantity is bigger than price', '2026-09-25 02:05:23.549387')
2026-09-25 02:05:25,018 - INFO - COMMIT
2026-09-25 02:05:25,029 - INFO - Add transactions to the database
2026-09-25 02:05:25,029 - CRITICAL - Addidng Invalid transactions to the database
2026-09-25 02:05:25,030 - INFO - BEGIN (implicit)
2026-09-25 02:05:25,031 - INFO - SELECT invalid_transaction.id AS invalid_transaction_id, invalid_transaction.transaction_id AS invalid_transaction_transaction_id, invalid_transaction.product AS invalid_transaction_product, invalid_transaction.category AS invalid_transaction_category, invalid_transaction.quantity AS invalid_transaction_quantity, invalid_transaction.price AS invalid_transaction_price, invalid_transaction.description AS invalid_transaction_description, invalid_transaction.load_date AS invalid_transaction_load_date 
FROM invalid_transaction 
WHERE invalid_transaction.transaction_id = ?
 LIMIT ? OFFSET ?
2026-09-25 02:05:25,031 - INFO - [cached since 0.1972s ago] (1029, 1, 0)
2026-09-25 02:05:25,033 - INFO - INSERT INTO invalid_transaction (transaction_id, product, category, quantity, price, description, load_date) VALUES (?, ?, ?, ?, ?, ?, ?)
2026-09-25 02:05:25,033 - INFO - [cached since 0.1962s ago] (1029, 'Orange', 'Food', '10', '9', 'We have strange transactions like quantity is bigger than price', '2026-09-25 02:05:23.549387')
2026-09-25 02:05:25,036 - INFO - COMMIT
2026-09-25 02:05:25,046 - INFO - Add transactions to the database
2026-09-25 02:05:25,047 - CRITICAL - Addidng Invalid transactions to the database
2026-09-25 02:05:25,048 - INFO - BEGIN (implicit)
2026-09-25 02:05:25,049 - INFO - SELECT invalid_transaction.id AS invalid_transaction_id, invalid_transaction.transaction_id AS invalid_transaction_transaction_id, invalid_transaction.product AS invalid_transaction_product, invalid_transaction.category AS invalid_transaction_category, invalid_transaction.quantity AS invalid_transaction_quantity, invalid_transaction.price AS invalid_transaction_price, invalid_transaction.description AS invalid_transaction_description, invalid_transaction.load_date AS invalid_transaction_load_date 
FROM invalid_transaction 
WHERE invalid_transaction.transaction_id = ?
 LIMIT ? OFFSET ?
2026-09-25 02:05:25,050 - INFO - [cached since 0.2157s ago] (1040, 1, 0)
2026-09-25 02:05:25,052 - INFO - INSERT INTO invalid_transaction (transaction_id, product, category, quantity, price, description, load_date) VALUES (?, ?, ?, ?, ?, ?, ?)
2026-09-25 02:05:25,052 - INFO - [cached since 0.2154s ago] (1040, 'Coke', 'Drinks', '999999', '15', 'We have strange transactions like quantity is bigger than price', '2026-09-25 02:05:23.549387')
2026-09-25 02:05:25,063 - INFO - COMMIT
2026-09-25 02:05:25,070 - INFO - Add transactions to the database
2026-09-25 02:05:25,070 - CRITICAL - Addidng Invalid transactions to the database
2026-09-25 02:05:25,071 - INFO - BEGIN (implicit)
2026-09-25 02:05:25,079 - INFO - SELECT invalid_transaction.id AS invalid_transaction_id, invalid_transaction.transaction_id AS invalid_transaction_transaction_id, invalid_transaction.product AS invalid_transaction_product, invalid_transaction.category AS invalid_transaction_category, invalid_transaction.quantity AS invalid_transaction_quantity, invalid_transaction.price AS invalid_transaction_price, invalid_transaction.description AS invalid_transaction_description, invalid_transaction.load_date AS invalid_transaction_load_date 
FROM invalid_transaction 
WHERE invalid_transaction.transaction_id = ?
 LIMIT ? OFFSET ?
2026-09-25 02:05:25,079 - INFO - [cached since 0.2448s ago] (1010, 1, 0)
2026-09-25 02:05:25,080 - INFO - Add transactions to the database
2026-09-25 02:05:25,081 - CRITICAL - Addidng Invalid transactions to the database
2026-09-25 02:05:25,081 - INFO - SELECT invalid_transaction.id AS invalid_transaction_id, invalid_transaction.transaction_id AS invalid_transaction_transaction_id, invalid_transaction.product AS invalid_transaction_product, invalid_transaction.category AS invalid_transaction_category, invalid_transaction.quantity AS invalid_transaction_quantity, invalid_transaction.price AS invalid_transaction_price, invalid_transaction.description AS invalid_transaction_description, invalid_transaction.load_date AS invalid_transaction_load_date 
FROM invalid_transaction 
WHERE invalid_transaction.transaction_id = ?
 LIMIT ? OFFSET ?
2026-09-25 02:05:25,082 - INFO - [cached since 0.2476s ago] (1011, 1, 0)
2026-09-25 02:05:25,085 - INFO - Add transactions to the database
2026-09-25 02:05:25,085 - CRITICAL - Addidng Invalid transactions to the database
2026-09-25 02:05:25,086 - INFO - SELECT invalid_transaction.id AS invalid_transaction_id, invalid_transaction.transaction_id AS invalid_transaction_transaction_id, invalid_transaction.product AS invalid_transaction_product, invalid_transaction.category AS invalid_transaction_category, invalid_transaction.quantity AS invalid_transaction_quantity, invalid_transaction.price AS invalid_transaction_price, invalid_transaction.description AS invalid_transaction_description, invalid_transaction.load_date AS invalid_transaction_load_date 
FROM invalid_transaction 
WHERE invalid_transaction.transaction_id = ?
 LIMIT ? OFFSET ?
2026-09-25 02:05:25,086 - INFO - [cached since 0.2521s ago] (1012, 1, 0)
2026-09-25 02:05:25,094 - INFO - Add transactions to the database
2026-09-25 02:05:25,095 - CRITICAL - Addidng Invalid transactions to the database
2026-09-25 02:05:25,096 - INFO - SELECT invalid_transaction.id AS invalid_transaction_id, invalid_transaction.transaction_id AS invalid_transaction_transaction_id, invalid_transaction.product AS invalid_transaction_product, invalid_transaction.category AS invalid_transaction_category, invalid_transaction.quantity AS invalid_transaction_quantity, invalid_transaction.price AS invalid_transaction_price, invalid_transaction.description AS invalid_transaction_description, invalid_transaction.load_date AS invalid_transaction_load_date 
FROM invalid_transaction 
WHERE invalid_transaction.transaction_id = ?
 LIMIT ? OFFSET ?
2026-09-25 02:05:25,096 - INFO - [cached since 0.2621s ago] (1013, 1, 0)
2026-09-25 02:05:25,098 - INFO - Add transactions to the database
2026-09-25 02:05:25,098 - CRITICAL - Addidng Invalid transactions to the database
2026-09-25 02:05:25,099 - INFO - SELECT invalid_transaction.id AS invalid_transaction_id, invalid_transaction.transaction_id AS invalid_transaction_transaction_id, invalid_transaction.product AS invalid_transaction_product, invalid_transaction.category AS invalid_transaction_category, invalid_transaction.quantity AS invalid_transaction_quantity, invalid_transaction.price AS invalid_transaction_price, invalid_transaction.description AS invalid_transaction_description, invalid_transaction.load_date AS invalid_transaction_load_date 
FROM invalid_transaction 
WHERE invalid_transaction.transaction_id = ?
 LIMIT ? OFFSET ?
2026-09-25 02:05:25,099 - INFO - [cached since 0.2648s ago] (1014, 1, 0)
2026-09-25 02:05:25,100 - INFO - Add transactions to the database
2026-09-25 02:05:25,100 - CRITICAL - Addidng Invalid transactions to the database
2026-09-25 02:05:25,101 - INFO - SELECT invalid_transaction.id AS invalid_transaction_id, invalid_transaction.transaction_id AS invalid_transaction_transaction_id, invalid_transaction.product AS invalid_transaction_product, invalid_transaction.category AS invalid_transaction_category, invalid_transaction.quantity AS invalid_transaction_quantity, invalid_transaction.price AS invalid_transaction_price, invalid_transaction.description AS invalid_transaction_description, invalid_transaction.load_date AS invalid_transaction_load_date 
FROM invalid_transaction 
WHERE invalid_transaction.transaction_id = ?
 LIMIT ? OFFSET ?
2026-09-25 02:05:25,101 - INFO - [cached since 0.2671s ago] (1016, 1, 0)
2026-09-25 02:05:25,103 - INFO - Add transactions to the database
2026-09-25 02:05:25,103 - CRITICAL - Addidng Invalid transactions to the database
2026-09-25 02:05:25,106 - INFO - SELECT invalid_transaction.id AS invalid_transaction_id, invalid_transaction.transaction_id AS invalid_transaction_transaction_id, invalid_transaction.product AS invalid_transaction_product, invalid_transaction.category AS invalid_transaction_category, invalid_transaction.quantity AS invalid_transaction_quantity, invalid_transaction.price AS invalid_transaction_price, invalid_transaction.description AS invalid_transaction_description, invalid_transaction.load_date AS invalid_transaction_load_date 
FROM invalid_transaction 
WHERE invalid_transaction.transaction_id = ?
 LIMIT ? OFFSET ?
2026-09-25 02:05:25,112 - INFO - [cached since 0.2779s ago] (1016, 1, 0)
2026-09-25 02:05:25,114 - INFO - Add transactions to the database
2026-09-25 02:05:25,114 - CRITICAL - Addidng Invalid transactions to the database
2026-09-25 02:05:25,115 - INFO - SELECT invalid_transaction.id AS invalid_transaction_id, invalid_transaction.transaction_id AS invalid_transaction_transaction_id, invalid_transaction.product AS invalid_transaction_product, invalid_transaction.category AS invalid_transaction_category, invalid_transaction.quantity AS invalid_transaction_quantity, invalid_transaction.price AS invalid_transaction_price, invalid_transaction.description AS invalid_transaction_description, invalid_transaction.load_date AS invalid_transaction_load_date 
FROM invalid_transaction 
WHERE invalid_transaction.transaction_id = ?
 LIMIT ? OFFSET ?
2026-09-25 02:05:25,115 - INFO - [cached since 0.2808s ago] (1017, 1, 0)
2026-09-25 02:05:25,116 - INFO - Add transactions to the database
2026-09-25 02:05:25,117 - CRITICAL - Addidng Invalid transactions to the database
2026-09-25 02:05:25,117 - INFO - SELECT invalid_transaction.id AS invalid_transaction_id, invalid_transaction.transaction_id AS invalid_transaction_transaction_id, invalid_transaction.product AS invalid_transaction_product, invalid_transaction.category AS invalid_transaction_category, invalid_transaction.quantity AS invalid_transaction_quantity, invalid_transaction.price AS invalid_transaction_price, invalid_transaction.description AS invalid_transaction_description, invalid_transaction.load_date AS invalid_transaction_load_date 
FROM invalid_transaction 
WHERE invalid_transaction.transaction_id = ?
 LIMIT ? OFFSET ?
2026-09-25 02:05:25,118 - INFO - [cached since 0.2833s ago] (1020, 1, 0)
2026-09-25 02:05:25,120 - INFO - Add transactions to the database
2026-09-25 02:05:25,122 - CRITICAL - Addidng Invalid transactions to the database
2026-09-25 02:05:25,127 - INFO - SELECT invalid_transaction.id AS invalid_transaction_id, invalid_transaction.transaction_id AS invalid_transaction_transaction_id, invalid_transaction.product AS invalid_transaction_product, invalid_transaction.category AS invalid_transaction_category, invalid_transaction.quantity AS invalid_transaction_quantity, invalid_transaction.price AS invalid_transaction_price, invalid_transaction.description AS invalid_transaction_description, invalid_transaction.load_date AS invalid_transaction_load_date 
FROM invalid_transaction 
WHERE invalid_transaction.transaction_id = ?
 LIMIT ? OFFSET ?
2026-09-25 02:05:25,129 - INFO - [cached since 0.2936s ago] (1027, 1, 0)
2026-09-25 02:05:25,131 - INFO - Add transactions to the database
2026-09-25 02:05:25,131 - CRITICAL - Addidng Invalid transactions to the database
2026-09-25 02:05:25,132 - INFO - SELECT invalid_transaction.id AS invalid_transaction_id, invalid_transaction.transaction_id AS invalid_transaction_transaction_id, invalid_transaction.product AS invalid_transaction_product, invalid_transaction.category AS invalid_transaction_category, invalid_transaction.quantity AS invalid_transaction_quantity, invalid_transaction.price AS invalid_transaction_price, invalid_transaction.description AS invalid_transaction_description, invalid_transaction.load_date AS invalid_transaction_load_date 
FROM invalid_transaction 
WHERE invalid_transaction.transaction_id = ?
 LIMIT ? OFFSET ?
2026-09-25 02:05:25,132 - INFO - [cached since 0.2976s ago] (1028, 1, 0)
2026-09-25 02:05:25,133 - INFO - Add transactions to the database
2026-09-25 02:05:25,133 - CRITICAL - Addidng Invalid transactions to the database
2026-09-25 02:05:25,134 - INFO - SELECT invalid_transaction.id AS invalid_transaction_id, invalid_transaction.transaction_id AS invalid_transaction_transaction_id, invalid_transaction.product AS invalid_transaction_product, invalid_transaction.category AS invalid_transaction_category, invalid_transaction.quantity AS invalid_transaction_quantity, invalid_transaction.price AS invalid_transaction_price, invalid_transaction.description AS invalid_transaction_description, invalid_transaction.load_date AS invalid_transaction_load_date 
FROM invalid_transaction 
WHERE invalid_transaction.transaction_id = ?
 LIMIT ? OFFSET ?
2026-09-25 02:05:25,134 - INFO - [cached since 0.2999s ago] (1029, 1, 0)
2026-09-25 02:05:25,145 - INFO - Add transactions to the database
2026-09-25 02:05:25,145 - CRITICAL - Addidng Invalid transactions to the database
2026-09-25 02:05:25,146 - INFO - SELECT invalid_transaction.id AS invalid_transaction_id, invalid_transaction.transaction_id AS invalid_transaction_transaction_id, invalid_transaction.product AS invalid_transaction_product, invalid_transaction.category AS invalid_transaction_category, invalid_transaction.quantity AS invalid_transaction_quantity, invalid_transaction.price AS invalid_transaction_price, invalid_transaction.description AS invalid_transaction_description, invalid_transaction.load_date AS invalid_transaction_load_date 
FROM invalid_transaction 
WHERE invalid_transaction.transaction_id = ?
 LIMIT ? OFFSET ?
2026-09-25 02:05:25,146 - INFO - [cached since 0.3122s ago] (1040, 1, 0)
2026-09-25 02:05:25,149 - INFO - Finished the operation
